Microchip MPLAB XC8 Compiler V3.00

Linker command line:

-W-3 \
  --edf=C:\Program Files\Microchip\xc8\v3.00\pic\dat\20241204225717_en.msgs \
  -cn -h+dist/default/debug\Final_Proj.X.debug.sym \
  --cmf=dist/default/debug\Final_Proj.X.debug.cmf -z -Q18F4520 \
  -oC:\Users\user\AppData\Local\Temp\xcAs75s.\driver_tmp_3.o \
  --defsym=__MPLAB_BUILD=1 --fixupoverflow=error \
  -Mdist/default/debug/Final_Proj.X.debug.map \
  --md=C:\Users\user\AppData\Local\Temp\xcAs75s.\driver_tmp_0.dat -E1 \
  -ver=XC8 Compiler -ACODE=00h-07DBFh -ACONST=00h-07DBFh \
  -ASMALLCONST=0600h-06FFhx119,07D00h-07DBFh -AMEDIUMCONST=0600h-07DBFh \
  -ACOMRAM=01h-07Fh -AABS1=00h-05F3h -ABIGRAM=01h-05F3h \
  -ARAM=080h-0FFh,0100h-01FFhx4,0500h-05F3h -ABANK0=080h-0FFh \
  -ABANK1=0100h-01FFh -ABANK2=0200h-02FFh -ABANK3=0300h-03FFh \
  -ABANK4=0400h-04FFh -ABANK5=0500h-05F3h \
  -ASFR=0F80h-0F9Bh,0F9Dh-0FD3h,0FD5h-0FDAh,0FE0h-0FE2h,0FE8h-0FEAh,0FF0h-0FFCh \
  -ABIGSFR=0F80h-0F9Bh,0F9Dh-0FD3h,0FD5h-0FDAh,0FE0h-0FE2h,0FE8h-0FEAh,0FF0h-0FFCh \
  -ACONFIG=0300000h-030000Dh -AIDLOC=0200000h-0200007h \
  -AEEDATA=0F00000h-0F000FFh -peeprom_data=EEDATA \
  -preset_vec=00h,intcode=8h,intcodelo=18h,sivt_lo,sivt_hi=CODE \
  -ppowerup=CODE,init -pramtop=0600h -psmallconst=SMALLCONST \
  -pmediumconst=MEDIUMCONST -pconst=CONST -AFARRAM=00h-00h \
  -prdata=COMRAM,nvrram=COMRAM,nvbit=COMRAM,rbss=COMRAM,rbit=COMRAM \
  -pfarbss=FARRAM,fardata=FARRAM,nvFARRAM=FARRAM \
  -pintsave_regs=BIGRAM,bigbss=BIGRAM,bigdata=BIGRAM -pbss=RAM \
  -pidata=CODE,irdata=CODE,ibigdata=CODE,ifardata=CODE -prparam=COMRAM \
  C:\Users\user\AppData\Local\Temp\xcAs75s.\driver_tmp_14.o \
  dist/default/debug\Final_Proj.X.debug.o 

Object code version is 3.11

Machine type is 18F4520



                Name                               Link     Load   Length Selector   Space Scale
C:\Users\user\AppData\Local\Temp\xcAs75s.\driver_tmp_14.o
                idloc                            200000   200000        8        0       5
                config                           300000   300000        E        0       4
                init                                 F8       F8        4        C       0
                reset_vec                             0        0        4        0       0
dist/default/debug\Final_Proj.X.debug.o
                intcodelo                            18       18       E0        C       0
                intcode                               8        8        6        4       0
                idloc                            200000   200000        8        0       5
                config                           300000   300000        E        0       4
                temp                                 7F       7F        1        1       1
                mediumconst                        7CA2     7CA2      11E     3E51       0
                text68                             3040     3040       C2        C       0
                text67                             31B2     31B2       AE        C       0
                text66                             1A4A     1A4A      28A        C       0
                text65                             2430     2430      18A        C       0
                text64                             4008     4008       16        C       0
                text63                             378C     378C       7E        C       0
                text62                             282E     282E      10A        C       0
                text61                             2CFC     2CFC       EA        C       0
                text60                             33AA     33AA       A4        C       0
                text59                             35FC     35FC       88        C       0
                text58                             3E42     3E42       34        C       0
                text57                             4022     4022        2        C       0
                text56                             2EB2     2EB2       CA        C       0
                text55                             1090     1090      4F6        C       0
                text54                             3D3C     3D3C       4C        C       0
                text53                             3D88     3D88       46        C       0
                text52                             2B20     2B20       F0        C       0
                text51                             39C4     39C4       6A        C       0
                text50                             3958     3958       6C        C       0
                text49                             3FC0     3FC0       1A        C       0
                text48                             1586     1586      4C4        C       0
                text47                             3F1C     3F1C       28        C       0
                intcode_body                        65E      65E      52A        C       0
                text45                             2F7C     2F7C       C4        C       0
                text43                             3DCE     3DCE       3E        C       0
                text42                             3FDA     3FDA       18        C       0
                text41                             3708     3708       84        C       0
                text40                             2722     2722      10C        C       0
                text39                             2C10     2C10       EC        C       0
                text38                             3260     3260       A6        C       0
                text37                             3572     3572       8A        C       0
                text36                             3E0C     3E0C       36        C       0
                text35                             4020     4020        2        C       0
                text34                             2DE6     2DE6       CC        C       0
                text33                              B88      B88      508        C       0
                text32                             3C02     3C02       52        C       0
                text31                             3C54     3C54       50        C       0
                text30                             3CF0     3CF0       4C        C       0
                text29                             3FF2     3FF2       16        C       0
                text28                             3EF4     3EF4       28        C       0
                text27                             3F66     3F66       20        C       0
                text26                             3BB0     3BB0       52        C       0
                text25                             2938     2938       F6        C       0
                text24                             3A2E     3A2E       64        C       0
                text23                             3102     3102       B0        C       0
                text22                             38EC     38EC       6C        C       0
                text21                             387C     387C       70        C       0
                text20                             3FA4     3FA4       1C        C       0
                text19                               FC       FC      562        C       0
                text18                             34E0     34E0       92        C       0
                text17                             3EA2     3EA2       2A        C       0
                text16                             1F04     1F04      1EC        C       0
                text15                             3CA4     3CA4       4C        C       0
                text14                             3E76     3E76       2C        C       0
                text13                             344E     344E       92        C       0
                text12                             3B54     3B54       5C        C       0
                text11                             25BA     25BA      168        C       0
                text10                             2A2E     2A2E       F2        C       0
                text9                              3306     3306       A4        C       0
                text8                              3684     3684       84        C       0
                text7                              3ECC     3ECC       28        C       0
                text6                              3AF4     3AF4       60        C       0
                text5                              20F0     20F0      1AE        C       0
                text4                              380A     380A       72        C       0
                text3                              229E     229E      192        C       0
                text2                              3F86     3F86       1E        C       0
                text1                              3F44     3F44       22        C       0
                text0                              1CD4     1CD4      230        C       0
                cstackCOMRAM                          1        1       6B        1       1
                cstackBANK0                          BA       BA       2B       80       1
                cstackBANK1                         100      100       A3      100       1
                cstackBANK2                         200      200       AC      200       1
                cstackBANK3                         300      300       A3      300       1
                bssBANK3                            3A3      3A3       20      300       1
                bssBANK2                            2AC      2AC       14      200       1
                bssBANK1                            1A3      1A3       59      100       1
                bssBANK0                             80       80       3A       80       1
                dataCOMRAM                           7D       7D        2        1       1
                bssCOMRAM                            6C       6C       11        1       1
                cinit                              3A92     3A92       62        C       0
                idataCOMRAM                        401E     401E        2        C       0

TOTAL           Name                               Link     Load   Length     Space
        CLASS   CODE           
                intcodelo                            18       18       E0         0
                intcode                               8        8        6         0
                init                                 F8       F8        4         0
                reset_vec                             0        0        4         0
                text68                             3040     3040       C2         0
                text67                             31B2     31B2       AE         0
                text66                             1A4A     1A4A      28A         0
                text65                             2430     2430      18A         0
                text64                             4008     4008       16         0
                text63                             378C     378C       7E         0
                text62                             282E     282E      10A         0
                text61                             2CFC     2CFC       EA         0
                text60                             33AA     33AA       A4         0
                text59                             35FC     35FC       88         0
                text58                             3E42     3E42       34         0
                text57                             4022     4022        2         0
                text56                             2EB2     2EB2       CA         0
                text55                             1090     1090      4F6         0
                text54                             3D3C     3D3C       4C         0
                text53                             3D88     3D88       46         0
                text52                             2B20     2B20       F0         0
                text51                             39C4     39C4       6A         0
                text50                             3958     3958       6C         0
                text49                             3FC0     3FC0       1A         0
                text48                             1586     1586      4C4         0
                text47                             3F1C     3F1C       28         0
                intcode_body                        65E      65E      52A         0
                text45                             2F7C     2F7C       C4         0
                text43                             3DCE     3DCE       3E         0
                text42                             3FDA     3FDA       18         0
                text41                             3708     3708       84         0
                text40                             2722     2722      10C         0
                text39                             2C10     2C10       EC         0
                text38                             3260     3260       A6         0
                text37                             3572     3572       8A         0
                text36                             3E0C     3E0C       36         0
                text35                             4020     4020        2         0
                text34                             2DE6     2DE6       CC         0
                text33                              B88      B88      508         0
                text32                             3C02     3C02       52         0
                text31                             3C54     3C54       50         0
                text30                             3CF0     3CF0       4C         0
                text29                             3FF2     3FF2       16         0
                text28                             3EF4     3EF4       28         0
                text27                             3F66     3F66       20         0
                text26                             3BB0     3BB0       52         0
                text25                             2938     2938       F6         0
                text24                             3A2E     3A2E       64         0
                text23                             3102     3102       B0         0
                text22                             38EC     38EC       6C         0
                text21                             387C     387C       70         0
                text20                             3FA4     3FA4       1C         0
                text19                               FC       FC      562         0
                text18                             34E0     34E0       92         0
                text17                             3EA2     3EA2       2A         0
                text16                             1F04     1F04      1EC         0
                text15                             3CA4     3CA4       4C         0
                text14                             3E76     3E76       2C         0
                text13                             344E     344E       92         0
                text12                             3B54     3B54       5C         0
                text11                             25BA     25BA      168         0
                text10                             2A2E     2A2E       F2         0
                text9                              3306     3306       A4         0
                text8                              3684     3684       84         0
                text7                              3ECC     3ECC       28         0
                text6                              3AF4     3AF4       60         0
                text5                              20F0     20F0      1AE         0
                text4                              380A     380A       72         0
                text3                              229E     229E      192         0
                text2                              3F86     3F86       1E         0
                text1                              3F44     3F44       22         0
                text0                              1CD4     1CD4      230         0
                cinit                              3A92     3A92       62         0
                idataCOMRAM                        401E     401E        2         0

        CLASS   CONST          

        CLASS   SMALLCONST     

        CLASS   MEDIUMCONST    
                mediumconst                        7CA2     7CA2      11E         0

        CLASS   COMRAM         
                temp                                 7F       7F        1         1
                cstackCOMRAM                          1        1       6B         1
                dataCOMRAM                           7D       7D        2         1
                bssCOMRAM                            6C       6C       11         1

        CLASS   ABS1           

        CLASS   BIGRAM         

        CLASS   RAM            

        CLASS   BANK0          
                cstackBANK0                          BA       BA       2B         1
                bssBANK0                             80       80       3A         1

        CLASS   BANK1          
                cstackBANK1                         100      100       A3         1
                bssBANK1                            1A3      1A3       59         1

        CLASS   BANK2          
                cstackBANK2                         200      200       AC         1
                bssBANK2                            2AC      2AC       14         1

        CLASS   BANK3          
                cstackBANK3                         300      300       A3         1
                bssBANK3                            3A3      3A3       20         1

        CLASS   BANK4          

        CLASS   BANK5          

        CLASS   SFR            

        CLASS   BIGSFR         

        CLASS   CONFIG         
                config                           300000   300000        E         4

        CLASS   IDLOC          
                idloc                            200000   200000        8         5

        CLASS   EEDATA         

        CLASS   FARRAM         

        CLASS   HEAP           

        CLASS   STACK          



SEGMENTS        Name                           Load    Length   Top    Selector   Space  Class

                reset_vec                      000000  000004  000004         0       0  CODE    
                cstackCOMRAM                   000001  00007F  000080         1       1  COMRAM  
                intcode                        000008  000006  00000E         4       0  CODE    
                intcodelo                      000018  00400C  004024         C       0  CODE    
                bssBANK0                       000080  000065  0000E5        80       1  BANK0   
                cstackBANK1                    000100  0000FC  0001FC       100       1  BANK1   
                cstackBANK2                    000200  0000C0  0002C0       200       1  BANK2   
                cstackBANK3                    000300  0000C3  0003C3       300       1  BANK3   
                mediumconst                    007CA2  00011E  007DC0      3E51       0  MEDIUMCO


UNUSED ADDRESS RANGES

        Name                Unused          Largest block    Delta
        BANK0            0000E5-0000FF               1B
        BANK1            0001FC-0001FF                4
        BANK2            0002C0-0002FF               40
        BANK3            0003C3-0003FF               3D
        BANK4            000400-0004FF              100
        BANK5            000500-0005F3               F4
        BIGRAM           0000E5-0000FF               1B
                         0001FC-0001FF                4
                         0002C0-0002FF               40
                         0003C3-0005F3              231
        BIGSFR           000F80-000F9B               1C
                         000F9D-000FD3               37
                         000FD5-000FDA                6
                         000FE0-000FE2                3
                         000FE8-000FEA                3
                         000FF0-000FFC                D
        CODE             000004-000007                4
                         00000E-000017                A
                         004024-007CA1             3C7E
        CONST            000004-000007                4
                         00000E-000017                A
                         004024-007CA1             3C7E
        EEDATA           F00000-F000FF              100
        MEDIUMCONST      004024-007CA1             3C7E
        RAM              0000E5-0000FF               1B
                         0001FC-0001FF                4
                         0002C0-0002FF               40
                         0003C3-0005F3              100
        SFR              000F80-000F9B               1C
                         000F9D-000FD3               37
                         000FD5-000FDA                6
                         000FE0-000FE2                3
                         000FE8-000FEA                3
                         000FF0-000FFC                D
        SMALLCONST       004024-007CA1              100

                                  Symbol Table

?_REACTION_START                             cstackBANK2  000227
?_REACTION_UPDATE                            cstackBANK2  00020F
?_REACTION_UPDATE_WHO_WIN                    cstackBANK2  00020F
?_TTT_START                                  cstackBANK2  00020F
?_TTT_UPDATE                                 cstackCOMRAM 000025
?_WHAC_A_MOLE_UPDATE                         cstackBANK2  000227
?_WHAC_A_MOLE_UPDATE_WHO_WIN                 cstackBANK2  00020F
?_WRITE_HO_TABLE                             cstackBANK2  00020F
?___aldiv                                    cstackBANK2  00020F
?___almod                                    cstackBANK2  00020F
?___awdiv                                    cstackBANK2  000200
?___awmod                                    cstackBANK2  000221
?___lldiv                                    cstackBANK2  00020F
?___llmod                                    cstackBANK2  00020F
?___lmul                                     cstackBANK2  00020F
?_abs                                        cstackBANK2  000219
?_detwinner                                  cstackCOMRAM 000019
?_map_ttt_val                                cstackBANK2  00020F
?_rand                                       cstackBANK2  00021B
?_sprintf                                    cstackBANK2  000237
?_vfprintf                                   cstackBANK2  00022F
?i2_WHAC_A_MOLE_UPDATE                       cstackCOMRAM 000019
?i2___aldiv                                  cstackCOMRAM 000001
?i2___almod                                  cstackCOMRAM 000001
?i2___awdiv                                  cstackCOMRAM 000001
?i2___awmod                                  cstackCOMRAM 000013
?i2___lldiv                                  cstackCOMRAM 000001
?i2___llmod                                  cstackCOMRAM 000001
?i2___lmul                                   cstackCOMRAM 000001
?i2_abs                                      cstackCOMRAM 00000B
?i2_rand                                     cstackCOMRAM 00000D
?i2_sprintf                                  cstackCOMRAM 000029
?i2_vfprintf                                 cstackCOMRAM 000021
CLEAR_PRESS@GC                               cstackBANK2  00020F
END_OUTPUT@buffer                            cstackBANK2  000274
END_OUTPUT@table                             cstackBANK2  00026E
GameSwiching@a                               cstackBANK2  000210
HINT_OUTPUT@buffer                           cstackBANK2  000274
HINT_OUTPUT@table                            cstackBANK2  00026E
REACTION_OUTPUT@buffer                       cstackBANK3  000300
REACTION_OUTPUT@table                        cstackBANK2  00026E
REACTION_START@REACTO_TABLE                  cstackBANK2  000227
REACTION_UPDATE@REACTO_TABLE                 cstackBANK2  00020F
REACTION_UPDATE_WHO_WIN@REACTO_TABLE         cstackBANK2  00020F
TTT_OUTPUT@buffer                            cstackBANK3  000300
TTT_OUTPUT@cursor_pos                        cstackBANK3  000366
TTT_OUTPUT@protocol_cur_player               cstackBANK3  000364
TTT_OUTPUT@protocol_winner                   cstackBANK3  000368
TTT_OUTPUT@table                             cstackBANK2  00026E
TTT_START@TTTO_TABLE                         cstackBANK2  00020F
TTT_START@i                                  cstackBANK2  00022A
TTT_START@i_217                              cstackBANK2  00022E
TTT_START@j                                  cstackBANK2  00022C
TTT_UPDATE@P1_PRESS                          cstackCOMRAM 00003F
TTT_UPDATE@P2_PRESS                          cstackCOMRAM 000041
TTT_UPDATE@TTTO_TABLE                        cstackCOMRAM 000025
TTT_UPDATE@num                               cstackCOMRAM 000043
UART_Write@data                              cstackBANK2  00020F
UART_Write_Text@i                            cstackBANK2  000214
UART_Write_Text@text                         cstackBANK2  000210
WHAC_A_MOLE_OUTPUT@buffer                    cstackBANK3  000300
WHAC_A_MOLE_OUTPUT@safe_input                cstackBANK3  0003A0
WHAC_A_MOLE_OUTPUT@table                     cstackBANK2  00026E
WHAC_A_MOLE_UPDATE@current_playing           cstackBANK2  000254
WHAC_A_MOLE_UPDATE@current_score             cstackBANK2  000266
WHAC_A_MOLE_UPDATE@current_tick              cstackBANK2  000256
WHAC_A_MOLE_UPDATE@delta_ticks               cstackBANK2  00025A
WHAC_A_MOLE_UPDATE@input_idx                 cstackBANK2  00025E
WHAC_A_MOLE_UPDATE@j                         cstackBANK2  000260
WHAC_A_MOLE_UPDATE@j_292                     cstackBANK2  000262
WHAC_A_MOLE_UPDATE@j_293                     cstackBANK2  000264
WHAC_A_MOLE_UPDATE@table                     cstackBANK2  000227
WHAC_A_MOLE_UPDATE_WHO_WIN@table             cstackBANK2  00020F
WRITE_HO_TABLE@HO_TABLE_R                    cstackBANK2  000215
_ADCON0                                      (abs)        000FC2
_ADCON0bits                                  (abs)        000FC2
_ADCON1                                      (abs)        000FC1
_ADCON2                                      (abs)        000FC0
_ADRESH                                      (abs)        000FC4
_ADRESL                                      (abs)        000FC3
_BAUDCONbits                                 (abs)        000FB8
_CLEAR_PRESS                                 text27       003F66
_CONFIG_INITIALIZE                           text43       003DCE
_CREN                                        (abs)        007D5C
_END_OUTPUT                                  text30       003CF0
_EO_TABLE                                    bssCOMRAM    00006C
_EO_TABLE_INITIALIZE                         text29       003FF2
_GC_TABLE                                    bssBANK0     0000B0
_GC_TABLE_INITIALIZE                         text28       003EF4
_GameSwiching                                text26       003BB0
_HINT_OUTPUT                                 text15       003CA4
_HO_TABLE                                    bssBANK1     0001E8
_Hi_ISR                                      intcode      000008
_INTCON3bits                                 (abs)        000FF0
_INTCONbits                                  (abs)        000FF2
_IPR1bits                                    (abs)        000F9F
_Lo_ISR                                      intcodelo    000018
_OSCCONbits                                  (abs)        000FD3
_PIE1bits                                    (abs)        000F9D
_PIR1bits                                    (abs)        000F9E
_PQ                                          bssBANK0     000094
_PR2                                         (abs)        000FCB
_PROCESS_FIVE                                text16       001F04
_PROCESS_HINT                                text13       00344E
_PROCESS_ONE                                 text9        003306
_PROCESS_THREE                               text3        00229E
_RCONbits                                    (abs)        000FD0
_RCREG                                       (abs)        000FAE
_RCSTAbits                                   (abs)        000FAB
_REACTION_OUTPUT                             text8        003684
_REACTION_OUTPUT_TABLE_INITIALIZE            text7        003ECC
_REACTION_START                              text6        003AF4
_REACTION_UPDATE                             text5        0020F0
_REACTION_UPDATE_WHO_WIN                     text4        00380A
_REACTO_TABLE                                bssBANK0     000080
_SPBRG                                       (abs)        000FAF
_START_OUTPUT                                text2        003F86
_T2CON                                       (abs)        000FCA
_T2CONbits                                   (abs)        000FCA
_TMR2                                        (abs)        000FCC
_TRISA                                       (abs)        000F92
_TRISB                                       (abs)        000F93
_TRISCbits                                   (abs)        000F94
_TTTO_TABLE                                  bssBANK1     0001CE
_TTT_OUTPUT                                  text11       0025BA
_TTT_START                                   text10       002A2E
_TTT_UPDATE                                  text65       002430
_TXREG                                       (abs)        000FAD
_TXSTAbits                                   (abs)        000FAC
_UART_Initialize                             text1        003F44
_UART_Write                                  text42       003FDA
_UART_Write_Text                             text41       003708
_WAWO_TABLE                                  bssBANK1     0001A3
_WHAC_A_MOLE_OUTPUT                          text25       002938
_WHAC_A_MOLE_OUTPUT$129                      cstackBANK3  0003A1
_WHAC_A_MOLE_OUTPUT_TABLE_INITIALIZE         text24       003A2E
_WHAC_A_MOLE_UPDATE                          text19       0000FC
_WHAC_A_MOLE_UPDATE_WHO_WIN                  text18       0034E0
_WRITE_HO_TABLE                              text14       003E76
__HRAM                                       (abs)        000000
__H__absolute__                              __absolute__ 000000
__Habs1                                      abs1         000000
__Hbank0                                     bank0        000000
__Hbank1                                     bank1        000000
__Hbank2                                     bank2        000000
__Hbank3                                     bank3        000000
__Hbank4                                     bank4        000000
__Hbank5                                     bank5        000000
__Hbigbss                                    bigbss       000000
__Hbigdata                                   bigdata      000000
__Hbigram                                    bigram       000000
__Hbigsfr                                    bigsfr       000000
__Hbss                                       bss          000000
__HbssBANK0                                  bssBANK0     000000
__HbssBANK1                                  bssBANK1     000000
__HbssBANK2                                  bssBANK2     000000
__HbssBANK3                                  bssBANK3     000000
__HbssCOMRAM                                 bssCOMRAM    000000
__Hcinit                                     cinit        000000
__Hclrtext                                   clrtext      000000
__Hcomram                                    comram       000000
__Hconfig                                    config       30000E
__Hconst                                     const        000000
__HcstackBANK0                               cstackBANK0  000000
__HcstackBANK1                               cstackBANK1  000000
__HcstackBANK2                               cstackBANK2  000000
__HcstackBANK3                               cstackBANK3  000000
__HcstackCOMRAM                              cstackCOMRAM 000000
__Hdata                                      data         000000
__HdataCOMRAM                                dataCOMRAM   000000
__Heeprom_data                               eeprom_data  000000
__Hfarbss                                    farbss       000000
__Hfardata                                   fardata      000000
__Hheap                                      heap         000000
__Hibigdata                                  ibigdata     000000
__Hidata                                     idata        000000
__HidataCOMRAM                               idataCOMRAM  000000
__Hidloc                                     idloc        200008
__Hifardata                                  ifardata     000000
__Hinit                                      init         0000FC
__Hintcode                                   intcode      00000E
__Hintcode_body                              intcode_body 000000
__Hintcodelo                                 intcodelo    0000F8
__Hintentry                                  intentry     000000
__Hintret                                    intret       000000
__Hintsave_regs                              intsave_regs 000000
__Hirdata                                    irdata       000000
__Hmediumconst                               mediumconst  007DC0
__HnvFARRAM                                  nvFARRAM     000000
__Hnvbit                                     nvbit        000000
__Hnvrram                                    nvrram       000000
__Hparam                                     rparam       000000
__Hpowerup                                   powerup      000000
__Hram                                       ram          000000
__Hramtop                                    ramtop       000600
__Hrbit                                      rbit         000000
__Hrbss                                      rbss         000000
__Hrdata                                     rdata        000000
__Hreset_vec                                 reset_vec    000004
__Hrparam                                    rparam       000000
__Hsfr                                       sfr          000000
__Hsivt_hi                                   sivt_hi      000000
__Hsivt_lo                                   sivt_lo      0000F8
__Hsmallconst                                smallconst   000000
__Hspace_0                                   (abs)        007DC0
__Hspace_1                                   (abs)        0003C3
__Hspace_2                                   (abs)        000000
__Hspace_4                                   (abs)        60000E
__Hstack                                     stack        000000
__Hstruct                                    struct       000000
__Htemp                                      temp         000080
__Htext                                      text         000000
__Htext0                                     text0        000000
__Htext1                                     text1        000000
__Htext10                                    text10       000000
__Htext11                                    text11       000000
__Htext12                                    text12       000000
__Htext13                                    text13       000000
__Htext14                                    text14       000000
__Htext15                                    text15       000000
__Htext16                                    text16       000000
__Htext17                                    text17       000000
__Htext18                                    text18       000000
__Htext19                                    text19       000000
__Htext2                                     text2        000000
__Htext20                                    text20       000000
__Htext21                                    text21       000000
__Htext22                                    text22       000000
__Htext23                                    text23       000000
__Htext24                                    text24       000000
__Htext25                                    text25       000000
__Htext26                                    text26       000000
__Htext27                                    text27       000000
__Htext28                                    text28       000000
__Htext29                                    text29       000000
__Htext3                                     text3        000000
__Htext30                                    text30       000000
__Htext31                                    text31       000000
__Htext32                                    text32       000000
__Htext33                                    text33       000000
__Htext34                                    text34       000000
__Htext35                                    text35       000000
__Htext36                                    text36       000000
__Htext37                                    text37       000000
__Htext38                                    text38       000000
__Htext39                                    text39       000000
__Htext4                                     text4        000000
__Htext40                                    text40       000000
__Htext41                                    text41       000000
__Htext42                                    text42       000000
__Htext43                                    text43       000000
__Htext45                                    text45       000000
__Htext47                                    text47       000000
__Htext48                                    text48       000000
__Htext49                                    text49       000000
__Htext5                                     text5        000000
__Htext50                                    text50       000000
__Htext51                                    text51       000000
__Htext52                                    text52       000000
__Htext53                                    text53       000000
__Htext54                                    text54       000000
__Htext55                                    text55       000000
__Htext56                                    text56       000000
__Htext57                                    text57       000000
__Htext58                                    text58       000000
__Htext59                                    text59       000000
__Htext6                                     text6        000000
__Htext60                                    text60       000000
__Htext61                                    text61       000000
__Htext62                                    text62       000000
__Htext63                                    text63       000000
__Htext64                                    text64       000000
__Htext65                                    text65       000000
__Htext66                                    text66       000000
__Htext67                                    text67       000000
__Htext68                                    text68       000000
__Htext7                                     text7        000000
__Htext8                                     text8        000000
__Htext9                                     text9        000000
__LRAM                                       (abs)        000001
__L__absolute__                              __absolute__ 000000
__Labs1                                      abs1         000000
__Lbank0                                     bank0        000000
__Lbank1                                     bank1        000000
__Lbank2                                     bank2        000000
__Lbank3                                     bank3        000000
__Lbank4                                     bank4        000000
__Lbank5                                     bank5        000000
__Lbigbss                                    bigbss       000000
__Lbigdata                                   bigdata      000000
__Lbigram                                    bigram       000000
__Lbigsfr                                    bigsfr       000000
__Lbss                                       bss          000000
__LbssBANK0                                  bssBANK0     000000
__LbssBANK1                                  bssBANK1     000000
__LbssBANK2                                  bssBANK2     000000
__LbssBANK3                                  bssBANK3     000000
__LbssCOMRAM                                 bssCOMRAM    000000
__Lcinit                                     cinit        000000
__Lclrtext                                   clrtext      000000
__Lcomram                                    comram       000000
__Lconfig                                    config       000000
__Lconst                                     const        000000
__LcstackBANK0                               cstackBANK0  000000
__LcstackBANK1                               cstackBANK1  000000
__LcstackBANK2                               cstackBANK2  000000
__LcstackBANK3                               cstackBANK3  000000
__LcstackCOMRAM                              cstackCOMRAM 000000
__Ldata                                      data         000000
__LdataCOMRAM                                dataCOMRAM   000000
__Leeprom_data                               eeprom_data  000000
__Lfarbss                                    farbss       000000
__Lfardata                                   fardata      000000
__Lheap                                      heap         000000
__Libigdata                                  ibigdata     000000
__Lidata                                     idata        000000
__LidataCOMRAM                               idataCOMRAM  000000
__Lidloc                                     idloc        000000
__Lifardata                                  ifardata     000000
__Linit                                      init         0000F8
__Lintcode                                   intcode      000008
__Lintcode_body                              intcode_body 000000
__Lintcodelo                                 intcodelo    000018
__Lintentry                                  intentry     000000
__Lintret                                    intret       000000
__Lintsave_regs                              intsave_regs 000000
__Lirdata                                    irdata       000000
__Lmediumconst                               mediumconst  007CA2
__LnvFARRAM                                  nvFARRAM     000000
__Lnvbit                                     nvbit        000000
__Lnvrram                                    nvrram       000000
__Lparam                                     rparam       000000
__Lpowerup                                   powerup      000000
__Lram                                       ram          000000
__Lramtop                                    ramtop       000600
__Lrbit                                      rbit         000000
__Lrbss                                      rbss         000000
__Lrdata                                     rdata        000000
__Lreset_vec                                 reset_vec    000000
__Lrparam                                    rparam       000000
__Lsfr                                       sfr          000000
__Lsivt_hi                                   sivt_hi      000000
__Lsivt_lo                                   sivt_lo      0000F8
__Lsmallconst                                smallconst   000000
__Lspace_0                                   (abs)        000000
__Lspace_1                                   (abs)        000000
__Lspace_2                                   (abs)        000000
__Lspace_4                                   (abs)        000000
__Lstack                                     stack        000000
__Lstruct                                    struct       000000
__Ltemp                                      temp         00007F
__Ltext                                      text         000000
__Ltext0                                     text0        000000
__Ltext1                                     text1        000000
__Ltext10                                    text10       000000
__Ltext11                                    text11       000000
__Ltext12                                    text12       000000
__Ltext13                                    text13       000000
__Ltext14                                    text14       000000
__Ltext15                                    text15       000000
__Ltext16                                    text16       000000
__Ltext17                                    text17       000000
__Ltext18                                    text18       000000
__Ltext19                                    text19       000000
__Ltext2                                     text2        000000
__Ltext20                                    text20       000000
__Ltext21                                    text21       000000
__Ltext22                                    text22       000000
__Ltext23                                    text23       000000
__Ltext24                                    text24       000000
__Ltext25                                    text25       000000
__Ltext26                                    text26       000000
__Ltext27                                    text27       000000
__Ltext28                                    text28       000000
__Ltext29                                    text29       000000
__Ltext3                                     text3        000000
__Ltext30                                    text30       000000
__Ltext31                                    text31       000000
__Ltext32                                    text32       000000
__Ltext33                                    text33       000000
__Ltext34                                    text34       000000
__Ltext35                                    text35       000000
__Ltext36                                    text36       000000
__Ltext37                                    text37       000000
__Ltext38                                    text38       000000
__Ltext39                                    text39       000000
__Ltext4                                     text4        000000
__Ltext40                                    text40       000000
__Ltext41                                    text41       000000
__Ltext42                                    text42       000000
__Ltext43                                    text43       000000
__Ltext45                                    text45       000000
__Ltext47                                    text47       000000
__Ltext48                                    text48       000000
__Ltext49                                    text49       000000
__Ltext5                                     text5        000000
__Ltext50                                    text50       000000
__Ltext51                                    text51       000000
__Ltext52                                    text52       000000
__Ltext53                                    text53       000000
__Ltext54                                    text54       000000
__Ltext55                                    text55       000000
__Ltext56                                    text56       000000
__Ltext57                                    text57       000000
__Ltext58                                    text58       000000
__Ltext59                                    text59       000000
__Ltext6                                     text6        000000
__Ltext60                                    text60       000000
__Ltext61                                    text61       000000
__Ltext62                                    text62       000000
__Ltext63                                    text63       000000
__Ltext64                                    text64       000000
__Ltext65                                    text65       000000
__Ltext66                                    text66       000000
__Ltext67                                    text67       000000
__Ltext68                                    text68       000000
__Ltext7                                     text7        000000
__Ltext8                                     text8        000000
__Ltext9                                     text9        000000
__S0                                         (abs)        007DC0
__S1                                         (abs)        0003C3
__S4                                         (abs)        000000
__S5                                         (abs)        000000
___aldiv                                     text40       002722
___aldiv@counter                             cstackBANK2  000217
___aldiv@dividend                            cstackBANK2  00020F
___aldiv@divisor                             cstackBANK2  000213
___aldiv@quotient                            cstackBANK2  000219
___aldiv@sign                                cstackBANK2  000218
___almod                                     text39       002C10
___almod@counter                             cstackBANK2  000217
___almod@dividend                            cstackBANK2  00020F
___almod@divisor                             cstackBANK2  000213
___almod@sign                                cstackBANK2  000218
___awdiv                                     text45       002F7C
___awdiv@counter                             cstackBANK2  000204
___awdiv@dividend                            cstackBANK2  000200
___awdiv@divisor                             cstackBANK2  000202
___awdiv@quotient                            cstackBANK2  000206
___awdiv@sign                                cstackBANK2  000205
___awmod                                     text23       003102
___awmod@counter                             cstackBANK2  000225
___awmod@dividend                            cstackBANK2  000221
___awmod@divisor                             cstackBANK2  000223
___awmod@sign                                cstackBANK2  000226
___heap_hi                                   (abs)        000000
___heap_lo                                   (abs)        000000
___inthi_sp                                  stack        000000
___inthi_stack_hi                            stack        000000
___inthi_stack_lo                            stack        000000
___intlo_sp                                  stack        000000
___intlo_stack_hi                            stack        000000
___intlo_stack_lo                            stack        000000
___lldiv                                     text38       003260
___lldiv@counter                             cstackBANK2  00021B
___lldiv@dividend                            cstackBANK2  00020F
___lldiv@divisor                             cstackBANK2  000213
___lldiv@quotient                            cstackBANK2  000217
___llmod                                     text37       003572
___llmod@counter                             cstackBANK2  000217
___llmod@dividend                            cstackBANK2  00020F
___llmod@divisor                             cstackBANK2  000213
___lmul                                      text22       0038EC
___lmul@multiplicand                         cstackBANK2  000213
___lmul@multiplier                           cstackBANK2  00020F
___lmul@product                              cstackBANK2  000217
___param_bank                                (abs)        000000
___rparam_used                               (abs)        000001
___sp                                        stack        000000
___stack_hi                                  stack        000000
___stack_lo                                  stack        000000
__accesstop                                  (abs)        000080
__activetblptr                               (abs)        000002
__end_of_CLEAR_PRESS                         text27       003F86
__end_of_CONFIG_INITIALIZE                   text43       003E0C
__end_of_END_OUTPUT                          text30       003D3C
__end_of_EO_TABLE_INITIALIZE                 text29       004008
__end_of_GC_TABLE_INITIALIZE                 text28       003F1C
__end_of_GameSwiching                        text26       003C02
__end_of_HINT_OUTPUT                         text15       003CF0
__end_of_Hi_ISR                              intcode_body 000B88
__end_of_Lo_ISR                              intcodelo    0000F8
__end_of_PROCESS_FIVE                        text16       0020F0
__end_of_PROCESS_HINT                        text13       0034E0
__end_of_PROCESS_ONE                         text9        0033AA
__end_of_PROCESS_THREE                       text3        002430
__end_of_REACTION_OUTPUT                     text8        003708
__end_of_REACTION_OUTPUT_TABLE_INITIALIZE    text7        003EF4
__end_of_REACTION_START                      text6        003B54
__end_of_REACTION_UPDATE                     text5        00229E
__end_of_REACTION_UPDATE_WHO_WIN             text4        00387C
__end_of_START_OUTPUT                        text2        003FA4
__end_of_TTT_OUTPUT                          text11       002722
__end_of_TTT_START                           text10       002B20
__end_of_TTT_UPDATE                          text65       0025BA
__end_of_UART_Initialize                     text1        003F66
__end_of_UART_Write                          text42       003FF2
__end_of_UART_Write_Text                     text41       00378C
__end_of_WHAC_A_MOLE_OUTPUT                  text25       002A2E
__end_of_WHAC_A_MOLE_OUTPUT_TABLE_INITIALIZE text24       003A92
__end_of_WHAC_A_MOLE_UPDATE                  text19       00065E
__end_of_WHAC_A_MOLE_UPDATE_WHO_WIN          text18       003572
__end_of_WRITE_HO_TABLE                      text14       003EA2
__end_of___aldiv                             text40       00282E
__end_of___almod                             text39       002CFC
__end_of___awdiv                             text45       003040
__end_of___awmod                             text23       0031B2
__end_of___lldiv                             text38       003306
__end_of___llmod                             text37       0035FC
__end_of___lmul                              text22       003958
__end_of__initialization                     cinit        003AE6
__end_of_abs                                 text36       003E42
__end_of_delay                               text17       003ECC
__end_of_detwinner                           text66       001CD4
__end_of_fputc                               text34       002EB2
__end_of_main                                text0        001F04
__end_of_map_ttt_val                         text12       003BB0
__end_of_putch                               text35       004022
__end_of_rand                                text21       0038EC
__end_of_sprintf                             text31       003CA4
__end_of_srand                               text20       003FC0
__end_of_vfpfcnvrt                           text33       001090
__end_of_vfprintf                            text32       003C54
__end_ofi2_UART_Write                        text64       00401E
__end_ofi2_UART_Write_Text                   text63       00380A
__end_ofi2_WHAC_A_MOLE_OUTPUT                text52       002C10
__end_ofi2_WHAC_A_MOLE_UPDATE                text48       001A4A
__end_ofi2___aldiv                           text62       002938
__end_ofi2___almod                           text61       002DE6
__end_ofi2___awdiv                           text68       003102
__end_ofi2___awmod                           text67       003260
__end_ofi2___lldiv                           text60       00344E
__end_ofi2___llmod                           text59       003684
__end_ofi2___lmul                            text51       003A2E
__end_ofi2_abs                               text58       003E76
__end_ofi2_delay                             text47       003F44
__end_ofi2_fputc                             text56       002F7C
__end_ofi2_putch                             text57       004024
__end_ofi2_rand                              text50       0039C4
__end_ofi2_sprintf                           text53       003DCE
__end_ofi2_srand                             text49       003FDA
__end_ofi2_vfpfcnvrt                         text55       001586
__end_ofi2_vfprintf                          text54       003D88
__initialization                             cinit        003A92
__mediumconst                                mediumconst  007CA2
__pbssBANK0                                  bssBANK0     000080
__pbssBANK1                                  bssBANK1     0001A3
__pbssBANK2                                  bssBANK2     0002AC
__pbssBANK3                                  bssBANK3     0003A3
__pbssCOMRAM                                 bssCOMRAM    00006C
__pcinit                                     cinit        003A92
__pcstackBANK0                               cstackBANK0  0000BA
__pcstackBANK1                               cstackBANK1  000100
__pcstackBANK2                               cstackBANK2  000200
__pcstackBANK3                               cstackBANK3  000300
__pcstackCOMRAM                              cstackCOMRAM 000001
__pdataCOMRAM                                dataCOMRAM   00007D
__pidataCOMRAM                               idataCOMRAM  00401E
__pintcode                                   intcode      000008
__pintcode_body                              intcode_body 00065E
__pintcodelo                                 intcodelo    000018
__pmediumconst                               mediumconst  007CA2
__ptext0                                     text0        001CD4
__ptext1                                     text1        003F44
__ptext10                                    text10       002A2E
__ptext11                                    text11       0025BA
__ptext12                                    text12       003B54
__ptext13                                    text13       00344E
__ptext14                                    text14       003E76
__ptext15                                    text15       003CA4
__ptext16                                    text16       001F04
__ptext17                                    text17       003EA2
__ptext18                                    text18       0034E0
__ptext19                                    text19       0000FC
__ptext2                                     text2        003F86
__ptext20                                    text20       003FA4
__ptext21                                    text21       00387C
__ptext22                                    text22       0038EC
__ptext23                                    text23       003102
__ptext24                                    text24       003A2E
__ptext25                                    text25       002938
__ptext26                                    text26       003BB0
__ptext27                                    text27       003F66
__ptext28                                    text28       003EF4
__ptext29                                    text29       003FF2
__ptext3                                     text3        00229E
__ptext30                                    text30       003CF0
__ptext31                                    text31       003C54
__ptext32                                    text32       003C02
__ptext33                                    text33       000B88
__ptext34                                    text34       002DE6
__ptext35                                    text35       004020
__ptext36                                    text36       003E0C
__ptext37                                    text37       003572
__ptext38                                    text38       003260
__ptext39                                    text39       002C10
__ptext4                                     text4        00380A
__ptext40                                    text40       002722
__ptext41                                    text41       003708
__ptext42                                    text42       003FDA
__ptext43                                    text43       003DCE
__ptext45                                    text45       002F7C
__ptext47                                    text47       003F1C
__ptext48                                    text48       001586
__ptext49                                    text49       003FC0
__ptext5                                     text5        0020F0
__ptext50                                    text50       003958
__ptext51                                    text51       0039C4
__ptext52                                    text52       002B20
__ptext53                                    text53       003D88
__ptext54                                    text54       003D3C
__ptext55                                    text55       001090
__ptext56                                    text56       002EB2
__ptext57                                    text57       004022
__ptext58                                    text58       003E42
__ptext59                                    text59       0035FC
__ptext6                                     text6        003AF4
__ptext60                                    text60       0033AA
__ptext61                                    text61       002CFC
__ptext62                                    text62       00282E
__ptext63                                    text63       00378C
__ptext64                                    text64       004008
__ptext65                                    text65       002430
__ptext66                                    text66       001A4A
__ptext67                                    text67       0031B2
__ptext68                                    text68       003040
__ptext7                                     text7        003ECC
__ptext8                                     text8        003684
__ptext9                                     text9        003306
__ramtop                                     ramtop       000600
__smallconst                                 mediumconst  007CA2
_abs                                         text36       003E0C
_active_mole                                 dataCOMRAM   00007D
_dbuf                                        bssBANK3     0003A3
_delay                                       text17       003EA2
_detwinner                                   text66       001A4A
_flags                                       bssCOMRAM    000078
_fputc                                       text34       002DE6
_last_tick                                   bssBANK1     0001EE
_lenStr                                      bssCOMRAM    000072
_main                                        text0        001CD4
_map_ttt_val                                 text12       003B54
_mystring                                    bssBANK2     0002AC
_prec                                        bssBANK1     0001F8
_prev_player1_state                          bssCOMRAM    000076
_prev_player2_state                          bssCOMRAM    000074
_pt                                          bssBANK0     0000AC
_putch                                       text35       004020
_rand                                        text21       00387C
_seed                                        bssCOMRAM    000079
_spawn_counter                               bssBANK0     0000A8
_spawn_interval_ticks                        bssBANK0     0000A0
_sprintf                                     text31       003C54
_srand                                       text20       003FA4
_stay_counter                                bssBANK0     0000A4
_stay_time_ticks                             bssBANK1     0001F2
_string_ready                                bssBANK1     0001FA
_vfpfcnvrt                                   text33       000B88
_vfprintf                                    text32       003C02
_width                                       bssBANK1     0001F6
abs@a                                        cstackBANK2  000219
btemp                                        temp         00007F
delay@t                                      cstackBANK2  00020F
detwinner@i                                  cstackCOMRAM 000019
end_of_initialization                        cinit        003AE6
fputc@c                                      cstackBANK2  00020F
fputc@fp                                     cstackBANK2  000211
i2UART_Write@data                            cstackCOMRAM 000001
i2UART_Write_Text@i                          cstackCOMRAM 000006
i2UART_Write_Text@text                       cstackCOMRAM 000002
i2WHAC_A_MOLE_OUTPUT@buffer                  cstackBANK1  000100
i2WHAC_A_MOLE_OUTPUT@safe_input              cstackBANK1  0001A0
i2WHAC_A_MOLE_OUTPUT@table                   cstackBANK0  0000BA
i2WHAC_A_MOLE_UPDATE@current_playing         cstackCOMRAM 000045
i2WHAC_A_MOLE_UPDATE@current_score           cstackCOMRAM 000057
i2WHAC_A_MOLE_UPDATE@current_tick            cstackCOMRAM 000047
i2WHAC_A_MOLE_UPDATE@delta_ticks             cstackCOMRAM 00004B
i2WHAC_A_MOLE_UPDATE@input_idx               cstackCOMRAM 00004F
i2WHAC_A_MOLE_UPDATE@j                       cstackCOMRAM 000051
i2WHAC_A_MOLE_UPDATE@j_292                   cstackCOMRAM 000053
i2WHAC_A_MOLE_UPDATE@j_293                   cstackCOMRAM 000055
i2WHAC_A_MOLE_UPDATE@table                   cstackCOMRAM 000019
i2_UART_Write                                text64       004008
i2_UART_Write_Text                           text63       00378C
i2_WHAC_A_MOLE_OUTPUT                        text52       002B20
i2_WHAC_A_MOLE_OUTPUT$129                    cstackBANK1  0001A1
i2_WHAC_A_MOLE_UPDATE                        text48       001586
i2___aldiv                                   text62       00282E
i2___aldiv@counter                           cstackCOMRAM 000009
i2___aldiv@dividend                          cstackCOMRAM 000001
i2___aldiv@divisor                           cstackCOMRAM 000005
i2___aldiv@quotient                          cstackCOMRAM 00000B
i2___aldiv@sign                              cstackCOMRAM 00000A
i2___almod                                   text61       002CFC
i2___almod@counter                           cstackCOMRAM 000009
i2___almod@dividend                          cstackCOMRAM 000001
i2___almod@divisor                           cstackCOMRAM 000005
i2___almod@sign                              cstackCOMRAM 00000A
i2___awdiv                                   text68       003040
i2___awdiv@counter                           cstackCOMRAM 000005
i2___awdiv@dividend                          cstackCOMRAM 000001
i2___awdiv@divisor                           cstackCOMRAM 000003
i2___awdiv@quotient                          cstackCOMRAM 000007
i2___awdiv@sign                              cstackCOMRAM 000006
i2___awmod                                   text67       0031B2
i2___awmod@counter                           cstackCOMRAM 000017
i2___awmod@dividend                          cstackCOMRAM 000013
i2___awmod@divisor                           cstackCOMRAM 000015
i2___awmod@sign                              cstackCOMRAM 000018
i2___lldiv                                   text60       0033AA
i2___lldiv@counter                           cstackCOMRAM 00000D
i2___lldiv@dividend                          cstackCOMRAM 000001
i2___lldiv@divisor                           cstackCOMRAM 000005
i2___lldiv@quotient                          cstackCOMRAM 000009
i2___llmod                                   text59       0035FC
i2___llmod@counter                           cstackCOMRAM 000009
i2___llmod@dividend                          cstackCOMRAM 000001
i2___llmod@divisor                           cstackCOMRAM 000005
i2___lmul                                    text51       0039C4
i2___lmul@multiplicand                       cstackCOMRAM 000005
i2___lmul@multiplier                         cstackCOMRAM 000001
i2___lmul@product                            cstackCOMRAM 000009
i2_abs                                       text58       003E42
i2_delay                                     text47       003F1C
i2_fputc                                     text56       002EB2
i2_putch                                     text57       004022
i2_rand                                      text50       003958
i2_sprintf                                   text53       003D88
i2_srand                                     text49       003FC0
i2_vfpfcnvrt                                 text55       001090
i2_vfprintf                                  text54       003D3C
i2abs@a                                      cstackCOMRAM 00000B
i2delay@t                                    cstackCOMRAM 000001
i2fputc@c                                    cstackCOMRAM 000001
i2fputc@fp                                   cstackCOMRAM 000003
i2sprintf@ap                                 cstackCOMRAM 000053
i2sprintf@f                                  cstackCOMRAM 000055
i2sprintf@fmt                                cstackCOMRAM 00002B
i2sprintf@s                                  cstackCOMRAM 000029
i2srand@s                                    cstackCOMRAM 000001
i2vfpfcnvrt@ap                               cstackCOMRAM 000013
i2vfpfcnvrt@c                                cstackCOMRAM 000020
i2vfpfcnvrt@convarg                          cstackCOMRAM 00001C
i2vfpfcnvrt@cp                               cstackCOMRAM 00001A
i2vfpfcnvrt@done                             cstackCOMRAM 000019
i2vfpfcnvrt@fmt                              cstackCOMRAM 000011
i2vfpfcnvrt@fp                               cstackCOMRAM 00000F
i2vfprintf@ap                                cstackCOMRAM 000025
i2vfprintf@cfmt                              cstackCOMRAM 000027
i2vfprintf@fmt                               cstackCOMRAM 000023
i2vfprintf@fp                                cstackCOMRAM 000021
int$flags                                    temp         00007F
int_func                                     intcode_body 00065E
intlevel0                                    text         000000
intlevel1                                    text         000000
intlevel2                                    text         000000
intlevel3                                    text         000000
isa$std                                      (abs)        000001
isa$xinst                                    (abs)        000000
map_ttt_val@logic_val                        cstackBANK2  00020F
sprintf@ap                                   cstackBANK2  000261
sprintf@f                                    cstackBANK2  000263
sprintf@fmt                                  cstackBANK2  000239
sprintf@s                                    cstackBANK2  000237
srand@s                                      cstackBANK2  00020F
stackhi                                      (abs)        000000
stacklo                                      (abs)        000000
start                                        init         0000F8
start_initialization                         cinit        003A92
ttemp5                                       temp         000080
ttemp6                                       temp         000083
ttemp7                                       temp         000087
vfpfcnvrt@ap                                 cstackBANK2  000221
vfpfcnvrt@c                                  cstackBANK2  00022E
vfpfcnvrt@convarg                            cstackBANK2  00022A
vfpfcnvrt@cp                                 cstackBANK2  000228
vfpfcnvrt@done                               cstackBANK2  000227
vfpfcnvrt@fmt                                cstackBANK2  00021F
vfpfcnvrt@fp                                 cstackBANK2  00021D
vfprintf@ap                                  cstackBANK2  000233
vfprintf@cfmt                                cstackBANK2  000235
vfprintf@fmt                                 cstackBANK2  000231
vfprintf@fp                                  cstackBANK2  00022F
wtemp8                                       temp         000080


MODULE INFORMATION

Module		Function		Class		Link	Load	Size
../../Desktop/2025_MICROCHIP_FINAL_PROJECT_2.0-main/2025_MICROCHIP_FINAL_PROJECT_2.0-main/uart.c
		_UART_Write_Text		CODE           	3708	0000	132
		_UART_Initialize		CODE           	3F44	0000	34
		_UART_Write    		CODE           	3FDA	0000	24

../../Desktop/2025_MICROCHIP_FINAL_PROJECT_2.0-main/2025_MICROCHIP_FINAL_PROJECT_2.0-main/uart.c estimated size: 190

C:\Program Files\Microchip\xc8\v3.00\pic\sources\c99\common\abs.c
		_abs           		CODE           	3E0C	0000	54

C:\Program Files\Microchip\xc8\v3.00\pic\sources\c99\common\abs.c estimated size: 54

C:\Program Files\Microchip\xc8\v3.00\pic\sources\c99\common\nf_fputc.c
		_fputc         		CODE           	2DE6	0000	204

C:\Program Files\Microchip\xc8\v3.00\pic\sources\c99\common\nf_fputc.c estimated size: 204

../../Desktop/2025_MICROCHIP_FINAL_PROJECT_2.0-main/2025_MICROCHIP_FINAL_PROJECT_2.0-main/REACTION_GAME.c
		_REACTION_START		CODE           	3AF4	0000	96
		_REACTION_UPDATE		CODE           	20F0	0000	430
		_REACTION_UPDATE_WHO_WIN		CODE           	380A	0000	114

../../Desktop/2025_MICROCHIP_FINAL_PROJECT_2.0-main/2025_MICROCHIP_FINAL_PROJECT_2.0-main/REACTION_GAME.c estimated size: 640

C:\Program Files\Microchip\xc8\v3.00\pic\sources\c99\common\nf_sprintf.c
		_sprintf       		CODE           	3C54	0000	80

C:\Program Files\Microchip\xc8\v3.00\pic\sources\c99\common\nf_sprintf.c estimated size: 80

C:\Program Files\Microchip\xc8\v3.00\pic\sources\c99\common\rand.c
		_srand         		CODE           	3FA4	0000	28
		_rand          		CODE           	387C	0000	112

C:\Program Files\Microchip\xc8\v3.00\pic\sources\c99\common\rand.c estimated size: 140

C:\Program Files\Microchip\xc8\v3.00\pic\sources\c99\common\awmod.c
		___awmod       		CODE           	3102	0000	176

C:\Program Files\Microchip\xc8\v3.00\pic\sources\c99\common\awmod.c estimated size: 176

C:\Program Files\Microchip\xc8\v3.00\pic\sources\c99\common\putch.c
		_putch         		CODE           	4020	0000	2

C:\Program Files\Microchip\xc8\v3.00\pic\sources\c99\common\putch.c estimated size: 2

C:\Program Files\Microchip\xc8\v3.00\pic\sources\c99\common\llmod.c
		___llmod       		CODE           	3572	0000	138

C:\Program Files\Microchip\xc8\v3.00\pic\sources\c99\common\llmod.c estimated size: 138

C:\Program Files\Microchip\xc8\v3.00\pic\sources\c99\common\Umul32.c
		___lmul        		CODE           	38EC	0000	108

C:\Program Files\Microchip\xc8\v3.00\pic\sources\c99\common\Umul32.c estimated size: 108

C:\Program Files\Microchip\xc8\v3.00\pic\sources\c99\common\almod.c
		___almod       		CODE           	2C10	0000	236

C:\Program Files\Microchip\xc8\v3.00\pic\sources\c99\common\almod.c estimated size: 236

../../Desktop/2025_MICROCHIP_FINAL_PROJECT_2.0-main/2025_MICROCHIP_FINAL_PROJECT_2.0-main/WHAC_A_MOLE.c
		_WHAC_A_MOLE_UPDATE		CODE           	00FC	0000	1378
		_WHAC_A_MOLE_UPDATE_WHO_WIN		CODE           	34E0	0000	146

../../Desktop/2025_MICROCHIP_FINAL_PROJECT_2.0-main/2025_MICROCHIP_FINAL_PROJECT_2.0-main/WHAC_A_MOLE.c estimated size: 1524

C:\Program Files\Microchip\xc8\v3.00\pic\sources\c99\common\__lldiv.c
		___lldiv       		CODE           	3260	0000	166

C:\Program Files\Microchip\xc8\v3.00\pic\sources\c99\common\__lldiv.c estimated size: 166

shared
		i2_vfpfcnvrt   		CODE           	1090	0000	1270
		i2_abs         		CODE           	3E42	0000	52
		i2_putch       		CODE           	4022	0000	2
		i2_rand        		CODE           	3958	0000	108
		i2_vfprintf    		CODE           	3D3C	0000	76
		i2_UART_Write  		CODE           	4008	0000	22
		i2___awdiv     		CODE           	3040	0000	194
		i2___lldiv     		CODE           	33AA	0000	164
		__initialization		CODE           	3A92	0000	84
		i2___lmul      		CODE           	39C4	0000	106
		i2___awmod     		CODE           	31B2	0000	174
		i2___aldiv     		CODE           	282E	0000	266
		i2_WHAC_A_MOLE_OUTPUT		CODE           	2B20	0000	240
		i2___llmod     		CODE           	35FC	0000	136
		i2_sprintf     		CODE           	3D88	0000	70
		i2_UART_Write_Text		CODE           	378C	0000	126
		i2_srand       		CODE           	3FC0	0000	26
		i2_WHAC_A_MOLE_UPDATE		CODE           	1586	0000	1220
		i2___almod     		CODE           	2CFC	0000	234
		i2_fputc       		CODE           	2EB2	0000	202
		i2_delay       		CODE           	3F1C	0000	40

shared estimated size: 4812

../../Desktop/2025_MICROCHIP_FINAL_PROJECT_2.0-main/2025_MICROCHIP_FINAL_PROJECT_2.0-main/TIC_TAC_TOE.c
		_detwinner     		CODE           	1A4A	0000	650
		_TTT_START     		CODE           	2A2E	0000	242
		_TTT_UPDATE    		CODE           	2430	0000	394

../../Desktop/2025_MICROCHIP_FINAL_PROJECT_2.0-main/2025_MICROCHIP_FINAL_PROJECT_2.0-main/TIC_TAC_TOE.c estimated size: 1286

../../Desktop/2025_MICROCHIP_FINAL_PROJECT_2.0-main/2025_MICROCHIP_FINAL_PROJECT_2.0-main/main.c
		_REACTION_OUTPUT_TABLE_INITIALIZE		CODE           	3ECC	0000	40
		_delay         		CODE           	3EA2	0000	42
		_Lo_ISR        		CODE           	0018	0000	224
		_GC_TABLE_INITIALIZE		CODE           	3EF4	0000	40
		_main          		CODE           	1CD4	0000	560
		_PROCESS_ONE   		CODE           	3306	0000	164
		_WRITE_HO_TABLE		CODE           	3E76	0000	44
		_PROCESS_FIVE  		CODE           	1F04	0000	492
		_PROCESS_HINT  		CODE           	344E	0000	146
		_EO_TABLE_INITIALIZE		CODE           	3FF2	0000	22
		_PROCESS_THREE 		CODE           	229E	0000	402
		_WHAC_A_MOLE_OUTPUT_TABLE_INITIALIZE		CODE           	3A2E	0000	100
		_GameSwiching  		CODE           	3BB0	0000	82
		_CONFIG_INITIALIZE		CODE           	3DCE	0000	62
		_CLEAR_PRESS   		CODE           	3F66	0000	32
		_Hi_ISR        		CODE           	0008	0000	1328

../../Desktop/2025_MICROCHIP_FINAL_PROJECT_2.0-main/2025_MICROCHIP_FINAL_PROJECT_2.0-main/main.c estimated size: 3780

C:\Program Files\Microchip\xc8\v3.00\pic\sources\c99\common\awdiv.c
		___awdiv       		CODE           	2F7C	0000	196

C:\Program Files\Microchip\xc8\v3.00\pic\sources\c99\common\awdiv.c estimated size: 196

../../Desktop/2025_MICROCHIP_FINAL_PROJECT_2.0-main/2025_MICROCHIP_FINAL_PROJECT_2.0-main/GAME_OUTPUT.c
		_map_ttt_val   		CODE           	3B54	0000	92
		_HINT_OUTPUT   		CODE           	3CA4	0000	76
		_START_OUTPUT  		CODE           	3F86	0000	30
		_TTT_OUTPUT    		CODE           	25BA	0000	360
		_END_OUTPUT    		CODE           	3CF0	0000	76
		_REACTION_OUTPUT		CODE           	3684	0000	132
		_WHAC_A_MOLE_OUTPUT		CODE           	2938	0000	246

../../Desktop/2025_MICROCHIP_FINAL_PROJECT_2.0-main/2025_MICROCHIP_FINAL_PROJECT_2.0-main/GAME_OUTPUT.c estimated size: 1012

C:\Program Files\Microchip\xc8\v3.00\pic\sources\c99\common\aldiv.c
		___aldiv       		CODE           	2722	0000	268

C:\Program Files\Microchip\xc8\v3.00\pic\sources\c99\common\aldiv.c estimated size: 268

C:\Program Files\Microchip\xc8\v3.00\pic\sources\c99\common\doprnt.c
		_vfpfcnvrt     		CODE           	0B88	0000	1288
		_vfprintf      		CODE           	3C02	0000	82

C:\Program Files\Microchip\xc8\v3.00\pic\sources\c99\common\doprnt.c estimated size: 1370

